// Jest Snapshot v1, https://goo.gl/fbAQLP

exports[`Navbar renders without crashing 1`] = `
<nav
  className="w-full mx-auto bg-white shadow"
>
  <div
    className="max-w-7xl mx-auto px-2 sm:px-6 lg:px-8"
  >
    <div
      className="relative flex items-center justify-between h-16"
    >
      <div
        className="absolute inset-y-0 left-0 flex items-center sm:hidden"
      >
        <button
          className="inline-flex items-center justify-center p-2 rounded-md text-black-400 hover:text-white hover:bg-gray-700 focus:outline-none focus:ring-2 focus:ring-inset focus:ring-white"
          id="headlessui-disclosure-button-4"
          onClick={[Function]}
          onKeyDown={[Function]}
          onKeyUp={[Function]}
          type="button"
        >
          <span
            className="sr-only"
          >
            Open main menu
          </span>
          <svg
            aria-hidden="true"
            className="block h-6 w-6"
            fill="none"
            stroke="currentColor"
            viewBox="0 0 24 24"
            xmlns="http://www.w3.org/2000/svg"
          >
            <path
              d="M4 6h16M4 12h16M4 18h16"
              strokeLinecap="round"
              strokeLinejoin="round"
              strokeWidth={2}
            />
          </svg>
        </button>
      </div>
      <div
        className="flex-1 flex items-center justify-center sm:items-stretch sm:justify-start"
      >
        <div
          className="flex-shrink-0 flex items-center"
        >
          <h3
            className="text-base text-white font-bold tracking-normal leading-tight ml-3 block lg:hidden h-8 w-auto"
          >
            <span
              className="relative inline-block px-6 py-2"
            >
              <div
                className="absolute inset-0 transform skew-x-12 bg-teal-accent-400"
              />
              <a
                className="relative text-teal-900"
                href="#"
                onClick={[Function]}
                onMouseEnter={[Function]}
              >
                LOGO
              </a>
            </span>
          </h3>
          <h3
            className="text-base text-white font-bold tracking-normal leading-tight ml-3 hidden lg:block h-8 w-auto"
          >
            <span
              className="relative inline-block px-6 py-2"
            >
              <div
                className="absolute inset-0 transform skew-x-12 bg-teal-accent-400"
              />
              <a
                className="relative text-teal-900"
                href="#"
                onClick={[Function]}
                onMouseEnter={[Function]}
              >
                LOGO
              </a>
            </span>
          </h3>
        </div>
        <div
          className="hidden sm:block sm:ml-6"
        >
          <div
            className="flex space-x-4"
          >
            <a
              className="text-black-300 hover:text-teal-accent-400 px-3 py-2 rounded-md text-sm font-medium"
              href="#"
              onClick={[Function]}
              onMouseEnter={[Function]}
            >
              Some Link
            </a>
          </div>
        </div>
      </div>
      <div
        className="absolute inset-y-0 right-0 flex items-center pr-2 sm:static sm:inset-auto sm:ml-6 sm:pr-0"
      >
        <button
          className="bg-white-800 p-1 rounded-full text-black-400 hover:text-teal-accent-400 focus:outline-none focus:ring-2 focus:ring-offset-2 focus:ring-teal-accent-400 focus:ring-teal-accent-400"
        >
          <span
            className="sr-only"
          >
            View notifications
          </span>
          <svg
            aria-hidden="true"
            className="h-6 w-6"
            fill="none"
            stroke="currentColor"
            viewBox="0 0 24 24"
            xmlns="http://www.w3.org/2000/svg"
          >
            <path
              d="M15 17h5l-1.405-1.405A2.032 2.032 0 0118 14.158V11a6.002 6.002 0 00-4-5.659V5a2 2 0 10-4 0v.341C7.67 6.165 6 8.388 6 11v3.159c0 .538-.214 1.055-.595 1.436L4 17h5m6 0v1a3 3 0 11-6 0v-1m6 0H9"
              strokeLinecap="round"
              strokeLinejoin="round"
              strokeWidth={2}
            />
          </svg>
        </button>
        <div
          className="ml-3 relative"
        >
          <div>
            <button
              aria-haspopup={true}
              className="bg-gray-800 flex text-sm rounded focus:outline-none focus:ring-2 focus:ring-offset-2 focus:ring-teal-accent-400 focus:ring-white"
              id="headlessui-menu-button-6"
              onClick={[Function]}
              onKeyDown={[Function]}
              onKeyUp={[Function]}
              type="button"
            >
              <span
                className="sr-only"
              >
                Open user menu
              </span>
              <img
                alt=""
                className="h-8 w-8 rounded"
                src="https://images.unsplash.com/photo-1472099645785-5658abf4ff4e?ixlib=rb-1.2.1&ixid=eyJhcHBfaWQiOjEyMDd9&auto=format&fit=facearea&facepad=2&w=256&h=256&q=80"
              />
            </button>
          </div>
        </div>
      </div>
    </div>
  </div>
</nav>
`;
